// Jest Snapshot v1, https://goo.gl/fbAQLP

exports[`renders ./components/tabs/demo/basic.md correctly 1`] = `
<div>
  <div
    class="am-tabs am-tabs-horizontal am-tabs-top"
  >
    <div
      class="am-tabs-tab-bar-wrap"
    >
      <div
        class="am-tabs-default-bar am-tabs-default-bar-animated am-tabs-default-bar-top"
        style="background-color:#fff"
      >
        <div
          class="am-tabs-default-bar-content"
          role="tablist"
          style="touch-action:pan-y"
        >
          <div
            aria-selected="false"
            class="am-tabs-default-bar-tab"
            id="m-tabs-0-0"
            role="tab"
            style="width:33.333333333333336%"
          >
            <span
              class="am-badge"
            >
              First Tab
              <sup
                class="am-badge-text"
              >
                3
              </sup>
            </span>
          </div>
          <div
            aria-selected="true"
            class="am-tabs-default-bar-tab am-tabs-default-bar-tab-active"
            id="m-tabs-0-1"
            role="tab"
            style="width:33.333333333333336%"
          >
            <span
              class="am-badge"
            >
              Second Tab
              <sup
                class="am-badge-text"
              >
                今日(20)
              </sup>
            </span>
          </div>
          <div
            aria-selected="false"
            class="am-tabs-default-bar-tab"
            id="m-tabs-0-2"
            role="tab"
            style="width:33.333333333333336%"
          >
            <span
              class="am-badge"
            >
              Third Tab
              <sup
                class="am-badge-dot"
              />
            </span>
          </div>
          <div
            class="am-tabs-default-bar-underline"
            style="width:33.333333333333336%;left:33.333333333333336%"
          />
        </div>
      </div>
    </div>
    <div
      class="am-tabs-content-wrap am-tabs-content-wrap-animated"
      style="touch-action:pan-x pan-y;transform:translate3d(-100%, 0px, 1px);-webkit-transform:translate3d(-100%, 0px, 1px);-moz-transform:translate3d(-100%, 0px, 1px)"
    >
      <div
        aria-hidden="true"
        aria-labelledby="m-tabs-0-0"
        class="am-tabs-pane-wrap am-tabs-pane-wrap-inactive"
        role="tabpanel"
      >
        <div
          style="display:flex;align-items:center;justify-content:center;height:150px;background-color:#fff"
        >
          Content of first tab
        </div>
      </div>
      <div
        aria-hidden="false"
        aria-labelledby="m-tabs-0-1"
        class="am-tabs-pane-wrap am-tabs-pane-wrap-active"
        role="tabpanel"
      >
        <div
          style="display:flex;align-items:center;justify-content:center;height:150px;background-color:#fff"
        >
          Content of second tab
        </div>
      </div>
      <div
        aria-hidden="true"
        aria-labelledby="m-tabs-0-2"
        class="am-tabs-pane-wrap am-tabs-pane-wrap-inactive"
        role="tabpanel"
      >
        <div
          style="display:flex;align-items:center;justify-content:center;height:150px;background-color:#fff"
        >
          Content of third tab
        </div>
      </div>
    </div>
  </div>
  <div
    class="am-whitespace am-whitespace-md"
  />
  <div
    class="am-tabs am-tabs-horizontal am-tabs-bottom"
  >
    <div
      class="am-tabs-content-wrap am-tabs-content-wrap-animated"
      style="touch-action:pan-x pan-y;transform:translate3d(-100%, 0px, 1px);-webkit-transform:translate3d(-100%, 0px, 1px);-moz-transform:translate3d(-100%, 0px, 1px)"
    >
      <div
        aria-hidden="true"
        aria-labelledby="m-tabs-1-0"
        class="am-tabs-pane-wrap am-tabs-pane-wrap-inactive"
        role="tabpanel"
      >
        <div
          style="display:flex;align-items:center;justify-content:center;height:150px;background-color:#fff"
        >
          Content of first tab
        </div>
      </div>
      <div
        aria-hidden="false"
        aria-labelledby="m-tabs-1-1"
        class="am-tabs-pane-wrap am-tabs-pane-wrap-active"
        role="tabpanel"
      >
        <div
          style="display:flex;align-items:center;justify-content:center;height:150px;background-color:#fff"
        >
          Content of second tab
        </div>
      </div>
      <div
        aria-hidden="true"
        aria-labelledby="m-tabs-1-2"
        class="am-tabs-pane-wrap am-tabs-pane-wrap-inactive"
        role="tabpanel"
      >
        <div
          style="display:flex;align-items:center;justify-content:center;height:150px;background-color:#fff"
        >
          Content of third tab
        </div>
      </div>
    </div>
    <div
      class="am-tabs-tab-bar-wrap"
    >
      <div
        class="am-tabs-default-bar am-tabs-default-bar-animated am-tabs-default-bar-bottom"
        style="background-color:#fff"
      >
        <div
          class="am-tabs-default-bar-content"
          role="tablist"
          style="touch-action:pan-y"
        >
          <div
            aria-selected="false"
            class="am-tabs-default-bar-tab"
            id="m-tabs-1-0"
            role="tab"
            style="width:33.333333333333336%"
          >
            <span>
              First Tab
            </span>
          </div>
          <div
            aria-selected="true"
            class="am-tabs-default-bar-tab am-tabs-default-bar-tab-active"
            id="m-tabs-1-1"
            role="tab"
            style="width:33.333333333333336%"
          >
            <span>
              Second Tab
            </span>
          </div>
          <div
            aria-selected="false"
            class="am-tabs-default-bar-tab"
            id="m-tabs-1-2"
            role="tab"
            style="width:33.333333333333336%"
          >
            <span>
              Third Tab
            </span>
          </div>
          <div
            class="am-tabs-default-bar-underline"
            style="width:33.333333333333336%;left:33.333333333333336%"
          />
        </div>
      </div>
    </div>
  </div>
  <div
    class="am-whitespace am-whitespace-md"
  />
</div>
`;

exports[`renders ./components/tabs/demo/fixedheight.md correctly 1`] = `
<div>
  <div
    class="am-whitespace am-whitespace-md"
  />
  <div
    style="height:200px"
  >
    <div
      class="am-tabs am-tabs-horizontal am-tabs-top"
    >
      <div
        class="am-tabs-tab-bar-wrap"
      >
        <div
          class="am-tabs-default-bar am-tabs-default-bar-animated am-tabs-default-bar-top"
          style="background-color:#fff"
        >
          <div
            class="am-tabs-default-bar-content"
            role="tablist"
            style="touch-action:pan-y"
          >
            <div
              aria-selected="true"
              class="am-tabs-default-bar-tab am-tabs-default-bar-tab-active"
              id="m-tabs-2-0"
              role="tab"
              style="width:33.333333333333336%"
            >
              First Tab
            </div>
            <div
              aria-selected="false"
              class="am-tabs-default-bar-tab"
              id="m-tabs-2-1"
              role="tab"
              style="width:33.333333333333336%"
            >
              Second Tab
            </div>
            <div
              aria-selected="false"
              class="am-tabs-default-bar-tab"
              id="m-tabs-2-2"
              role="tab"
              style="width:33.333333333333336%"
            >
              Third Tab
            </div>
            <div
              class="am-tabs-default-bar-underline"
              style="width:33.333333333333336%;left:0%"
            />
          </div>
        </div>
      </div>
      <div
        class="am-tabs-content-wrap am-tabs-content-wrap-animated"
        style="touch-action:pan-x pan-y;transform:translate3d(0%, 0px, 1px);-webkit-transform:translate3d(0%, 0px, 1px);-moz-transform:translate3d(0%, 0px, 1px)"
      >
        <div
          aria-hidden="false"
          aria-labelledby="m-tabs-2-0"
          class="am-tabs-pane-wrap am-tabs-pane-wrap-active"
          role="tabpanel"
        >
          <div
            style="display:flex;align-items:center;justify-content:center;height:250px;background-color:#fff"
          >
            Content of first tab
          </div>
        </div>
        <div
          aria-hidden="true"
          aria-labelledby="m-tabs-2-1"
          class="am-tabs-pane-wrap am-tabs-pane-wrap-inactive"
          role="tabpanel"
        >
          <div
            style="display:flex;align-items:center;justify-content:center;height:250px;background-color:#fff"
          >
            Content of second tab
          </div>
        </div>
        <div
          aria-hidden="true"
          aria-labelledby="m-tabs-2-2"
          class="am-tabs-pane-wrap am-tabs-pane-wrap-inactive"
          role="tabpanel"
        />
      </div>
    </div>
  </div>
</div>
`;

exports[`renders ./components/tabs/demo/mutlitabs.md correctly 1`] = `
<div>
  <div
    class="am-whitespace am-whitespace-md"
  />
  <div
    class="am-tabs am-tabs-horizontal am-tabs-top"
  >
    <div
      class="am-tabs-tab-bar-wrap"
    >
      <div
        class="am-tabs-default-bar am-tabs-default-bar-animated am-tabs-default-bar-top"
        style="background-color:#fff"
      >
        <div
          class="am-tabs-default-bar-content"
          role="tablist"
          style="touch-action:pan-y;transform:translate3d(0%, 0px, 0px);-webkit-transform:translate3d(0%, 0px, 0px);-moz-transform:translate3d(0%, 0px, 0px)"
        >
          <div
            aria-selected="true"
            class="am-tabs-default-bar-tab am-tabs-default-bar-tab-active"
            id="m-tabs-3-0"
            role="tab"
            style="width:33.333333333333336%"
          >
            1st Tab
          </div>
          <div
            aria-selected="false"
            class="am-tabs-default-bar-tab"
            id="m-tabs-3-1"
            role="tab"
            style="width:33.333333333333336%"
          >
            2nd Tab
          </div>
          <div
            aria-selected="false"
            class="am-tabs-default-bar-tab"
            id="m-tabs-3-2"
            role="tab"
            style="width:33.333333333333336%"
          >
            3rd Tab
          </div>
          <div
            aria-selected="false"
            class="am-tabs-default-bar-tab"
            id="m-tabs-3-3"
            role="tab"
            style="width:33.333333333333336%"
          >
            4th Tab
          </div>
          <div
            aria-selected="false"
            class="am-tabs-default-bar-tab"
            id="m-tabs-3-4"
            role="tab"
            style="width:33.333333333333336%"
          >
            5th Tab
          </div>
          <div
            aria-selected="false"
            class="am-tabs-default-bar-tab"
            id="m-tabs-3-5"
            role="tab"
            style="width:33.333333333333336%"
          >
            6th Tab
          </div>
          <div
            aria-selected="false"
            class="am-tabs-default-bar-tab"
            id="m-tabs-3-6"
            role="tab"
            style="width:33.333333333333336%"
          >
            7th Tab
          </div>
          <div
            aria-selected="false"
            class="am-tabs-default-bar-tab"
            id="m-tabs-3-7"
            role="tab"
            style="width:33.333333333333336%"
          >
            8th Tab
          </div>
          <div
            aria-selected="false"
            class="am-tabs-default-bar-tab"
            id="m-tabs-3-8"
            role="tab"
            style="width:33.333333333333336%"
          >
            9th Tab
          </div>
          <div
            class="am-tabs-default-bar-underline"
            style="width:33.333333333333336%;left:0%"
          />
        </div>
        <div
          class="am-tabs-default-bar-nextpage"
        />
      </div>
    </div>
    <div
      class="am-tabs-content-wrap am-tabs-content-wrap-animated"
      style="touch-action:pan-x pan-y;transform:translate3d(0%, 0px, 1px);-webkit-transform:translate3d(0%, 0px, 1px);-moz-transform:translate3d(0%, 0px, 1px)"
    >
      <div
        aria-hidden="false"
        aria-labelledby="m-tabs-3-0"
        class="am-tabs-pane-wrap am-tabs-pane-wrap-active"
        role="tabpanel"
      >
        <div
          style="display:flex;align-items:center;justify-content:center;height:150px;background-color:#fff"
        >
          <p>
            Content of 1st Tab
          </p>
        </div>
      </div>
      <div
        aria-hidden="true"
        aria-labelledby="m-tabs-3-1"
        class="am-tabs-pane-wrap am-tabs-pane-wrap-inactive"
        role="tabpanel"
      >
        <div
          style="display:flex;align-items:center;justify-content:center;height:150px;background-color:#fff"
        >
          <p>
            Content of 2nd Tab
          </p>
        </div>
      </div>
      <div
        aria-hidden="true"
        aria-labelledby="m-tabs-3-2"
        class="am-tabs-pane-wrap am-tabs-pane-wrap-inactive"
        role="tabpanel"
      />
      <div
        aria-hidden="true"
        aria-labelledby="m-tabs-3-3"
        class="am-tabs-pane-wrap am-tabs-pane-wrap-inactive"
        role="tabpanel"
      />
      <div
        aria-hidden="true"
        aria-labelledby="m-tabs-3-4"
        class="am-tabs-pane-wrap am-tabs-pane-wrap-inactive"
        role="tabpanel"
      />
      <div
        aria-hidden="true"
        aria-labelledby="m-tabs-3-5"
        class="am-tabs-pane-wrap am-tabs-pane-wrap-inactive"
        role="tabpanel"
      />
      <div
        aria-hidden="true"
        aria-labelledby="m-tabs-3-6"
        class="am-tabs-pane-wrap am-tabs-pane-wrap-inactive"
        role="tabpanel"
      />
      <div
        aria-hidden="true"
        aria-labelledby="m-tabs-3-7"
        class="am-tabs-pane-wrap am-tabs-pane-wrap-inactive"
        role="tabpanel"
      />
      <div
        aria-hidden="true"
        aria-labelledby="m-tabs-3-8"
        class="am-tabs-pane-wrap am-tabs-pane-wrap-inactive"
        role="tabpanel"
      />
    </div>
  </div>
  <div
    class="am-whitespace am-whitespace-md"
  />
</div>
`;

exports[`renders ./components/tabs/demo/noanim.md correctly 1`] = `
<div>
  <div
    class="am-whitespace am-whitespace-md"
  />
  <div
    class="am-tabs am-tabs-horizontal am-tabs-top"
  >
    <div
      class="am-tabs-tab-bar-wrap"
    >
      <div
        class="am-tabs-default-bar am-tabs-default-bar-top"
        style="background-color:#fff"
      >
        <div
          class="am-tabs-default-bar-content"
          role="tablist"
          style="touch-action:pan-y"
        >
          <div
            aria-selected="false"
            class="am-tabs-default-bar-tab"
            id="m-tabs-4-0"
            role="tab"
            style="width:33.333333333333336%"
          >
            First Tab
          </div>
          <div
            aria-selected="false"
            class="am-tabs-default-bar-tab"
            id="m-tabs-4-1"
            role="tab"
            style="width:33.333333333333336%"
          >
            Second Tab
          </div>
          <div
            aria-selected="true"
            class="am-tabs-default-bar-tab am-tabs-default-bar-tab-active"
            id="m-tabs-4-2"
            role="tab"
            style="width:33.333333333333336%"
          >
            Third Tab
          </div>
          <div
            class="am-tabs-default-bar-underline"
            style="width:33.333333333333336%;left:66.66666666666667%"
          />
        </div>
      </div>
    </div>
    <div
      class="am-tabs-content-wrap"
      style="touch-action:pan-x pan-y;position:relative;left:-200%"
    >
      <div
        aria-hidden="true"
        aria-labelledby="m-tabs-4-0"
        class="am-tabs-pane-wrap am-tabs-pane-wrap-inactive"
        role="tabpanel"
      />
      <div
        aria-hidden="true"
        aria-labelledby="m-tabs-4-1"
        class="am-tabs-pane-wrap am-tabs-pane-wrap-inactive"
        role="tabpanel"
      >
        <div
          style="display:flex;align-items:center;justify-content:center;height:250px;background-color:#fff"
        >
          Content of second tab
        </div>
      </div>
      <div
        aria-hidden="false"
        aria-labelledby="m-tabs-4-2"
        class="am-tabs-pane-wrap am-tabs-pane-wrap-active"
        role="tabpanel"
      >
        <div
          style="display:flex;align-items:center;justify-content:center;height:250px;background-color:#fff"
        >
          Content of third tab
        </div>
      </div>
    </div>
  </div>
  <div
    class="am-whitespace am-whitespace-md"
  />
</div>
`;

exports[`renders ./components/tabs/demo/sticky.md correctly 1`] = `
<div>
  <div
    class="am-whitespace am-whitespace-md"
  />
  <div>
    <div
      class="am-tabs am-tabs-horizontal am-tabs-top"
    >
      <div
        class="am-tabs-tab-bar-wrap"
      >
        <div>
          <div />
          <div
            style="z-index:1"
          >
            <div
              class="am-tabs-default-bar am-tabs-default-bar-animated am-tabs-default-bar-top"
              style="background-color:#fff"
            >
              <div
                class="am-tabs-default-bar-content"
                role="tablist"
                style="touch-action:pan-y"
              >
                <div
                  aria-selected="true"
                  class="am-tabs-default-bar-tab am-tabs-default-bar-tab-active"
                  id="m-tabs-5-0"
                  role="tab"
                  style="width:33.333333333333336%"
                >
                  First Tab
                </div>
                <div
                  aria-selected="false"
                  class="am-tabs-default-bar-tab"
                  id="m-tabs-5-1"
                  role="tab"
                  style="width:33.333333333333336%"
                >
                  Second Tab
                </div>
                <div
                  aria-selected="false"
                  class="am-tabs-default-bar-tab"
                  id="m-tabs-5-2"
                  role="tab"
                  style="width:33.333333333333336%"
                >
                  Third Tab
                </div>
                <div
                  class="am-tabs-default-bar-underline"
                  style="width:33.333333333333336%;left:0%"
                />
              </div>
            </div>
          </div>
        </div>
      </div>
      <div
        class="am-tabs-content-wrap am-tabs-content-wrap-animated"
        style="touch-action:pan-x pan-y;transform:translate3d(0%, 0px, 1px);-webkit-transform:translate3d(0%, 0px, 1px);-moz-transform:translate3d(0%, 0px, 1px)"
      >
        <div
          aria-hidden="false"
          aria-labelledby="m-tabs-5-0"
          class="am-tabs-pane-wrap am-tabs-pane-wrap-active"
          role="tabpanel"
        >
          <div
            style="display:flex;align-items:center;justify-content:center;height:250px;background-color:#fff"
          >
            Content of first tab
          </div>
        </div>
        <div
          aria-hidden="true"
          aria-labelledby="m-tabs-5-1"
          class="am-tabs-pane-wrap am-tabs-pane-wrap-inactive"
          role="tabpanel"
        >
          <div
            style="display:flex;align-items:center;justify-content:center;height:250px;background-color:#fff"
          >
            Content of second tab
          </div>
        </div>
        <div
          aria-hidden="true"
          aria-labelledby="m-tabs-5-2"
          class="am-tabs-pane-wrap am-tabs-pane-wrap-inactive"
          role="tabpanel"
        />
      </div>
    </div>
  </div>
  <div
    class="am-whitespace am-whitespace-md"
  />
</div>
`;

exports[`renders ./components/tabs/demo/vertical.md correctly 1`] = `
<div
  style="height:200px"
>
  <div
    class="am-whitespace am-whitespace-md"
  />
  <div
    class="am-tabs am-tabs-vertical am-tabs-left"
  >
    <div
      class="am-tabs-tab-bar-wrap"
    >
      <div
        class="am-tabs-default-bar am-tabs-default-bar-animated am-tabs-default-bar-left"
        style="background-color:#fff"
      >
        <div
          class="am-tabs-default-bar-content"
          role="tablist"
          style="touch-action:pan-x"
        >
          <div
            aria-selected="true"
            class="am-tabs-default-bar-tab am-tabs-default-bar-tab-active"
            id="m-tabs-6-0"
            role="tab"
            style="height:33.333333333333336%"
          >
            1 Tab
          </div>
          <div
            aria-selected="false"
            class="am-tabs-default-bar-tab"
            id="m-tabs-6-1"
            role="tab"
            style="height:33.333333333333336%"
          >
            2 Tab
          </div>
          <div
            aria-selected="false"
            class="am-tabs-default-bar-tab"
            id="m-tabs-6-2"
            role="tab"
            style="height:33.333333333333336%"
          >
            3 Tab
          </div>
          <div
            class="am-tabs-default-bar-underline"
            style="height:33.333333333333336%;top:0%"
          />
        </div>
      </div>
    </div>
    <div
      class="am-tabs-content-wrap am-tabs-content-wrap-animated"
      style="touch-action:pan-x pan-y;transform:translate3d(0px, 0%, 1px);-webkit-transform:translate3d(0px, 0%, 1px);-moz-transform:translate3d(0px, 0%, 1px)"
    >
      <div
        aria-hidden="false"
        aria-labelledby="m-tabs-6-0"
        class="am-tabs-pane-wrap am-tabs-pane-wrap-active"
        role="tabpanel"
      >
        <div
          style="display:flex;align-items:center;justify-content:center;height:250px;background-color:#fff"
        >
          Content of first tab
        </div>
      </div>
      <div
        aria-hidden="true"
        aria-labelledby="m-tabs-6-1"
        class="am-tabs-pane-wrap am-tabs-pane-wrap-inactive"
        role="tabpanel"
      >
        <div
          style="display:flex;align-items:center;justify-content:center;height:250px;background-color:#fff"
        >
          Content of second tab
        </div>
      </div>
      <div
        aria-hidden="true"
        aria-labelledby="m-tabs-6-2"
        class="am-tabs-pane-wrap am-tabs-pane-wrap-inactive"
        role="tabpanel"
      />
    </div>
  </div>
  <div
    class="am-whitespace am-whitespace-md"
  />
</div>
`;
